
> myjobguide@0.1.0 build
> prisma generate && next build

node.exe : 
Environment 
variables loaded 
from .env
At line:1 char:1
+ & "C:\Program Files
\nodejs/node.exe" 
"C:\Program 
Files\nodejs/node_mo 
...
+ ~~~~~~~~~~~~~~~~~~~
~~~~~~~~~~~~~~~~~~~~~
~~~~~~~~~~~~~~~~~~~~~
~~~~~~~~
    + CategoryInfo   
           : NotSpe  
  cified: (Environ   
 ment variables l    
oaded from .env:    
String) [], Remo    
teException
    + FullyQualified 
   ErrorId : Native  
  CommandError
 
Prisma schema loaded from prisma\schema.prisma
ΓöîΓöÇΓöÇΓöÇΓöÇΓöÇΓöÇ
ΓöÇΓöÇΓöÇΓöÇΓöÇΓöÇΓöÇ
ΓöÇΓöÇΓöÇΓöÇΓöÇΓöÇΓöÇ
ΓöÇΓöÇΓöÇΓöÇΓöÇΓöÇΓöÇ
ΓöÇΓöÇΓöÇΓöÇΓöÇΓöÇΓöÇ
ΓöÇΓöÇΓöÇΓöÇΓöÇΓöÇΓöÇ
ΓöÇΓöÇΓöÇΓöÇΓöÇΓöÇΓöÇ
ΓöÇΓöÇΓöÇΓöÇΓöÇΓöÇΓöÇ
ΓöÇΓöÇΓöÉ
Γöé  Update 
available 6.19.2 -> 
7.2.0                
       Γöé
Γöé                  
                     
                  Γöé
Γöé  This is a major 
update - please 
follow the guide at  
  Γöé
Γöé  https://pris.ly/
d/major-version-upgra
de                Γöé
Γöé                  
                     
                  Γöé
Γöé  Run the 
following to update  
                     
     Γöé
Γöé    npm i 
--save-dev 
prisma@latest        
               Γöé
Γöé    npm i @prisma/
client@latest        
                  Γöé
ΓööΓöÇΓöÇΓöÇΓöÇΓöÇΓöÇ
ΓöÇΓöÇΓöÇΓöÇΓöÇΓöÇΓöÇ
ΓöÇΓöÇΓöÇΓöÇΓöÇΓöÇΓöÇ
ΓöÇΓöÇΓöÇΓöÇΓöÇΓöÇΓöÇ
ΓöÇΓöÇΓöÇΓöÇΓöÇΓöÇΓöÇ
ΓöÇΓöÇΓöÇΓöÇΓöÇΓöÇΓöÇ
ΓöÇΓöÇΓöÇΓöÇΓöÇΓöÇΓöÇ
ΓöÇΓöÇΓöÇΓöÇΓöÇΓöÇΓöÇ
ΓöÇΓöÇΓöÿ

Γ£ö Generated Prisma Client (v6.19.2) to .\node_modules\@prisma\client in 101ms

Start by importing your Prisma Client (See: https://pris.ly/d/importing-client)

Tip: Need your database queries to be 1000x faster? Accelerate offers you that and more: https://pris.ly/tip-2-accelerate

Γû▓ Next.js 16.1.2 (Turbopack)
- Environments: .env

  Creating an optimized production build ...
Error: 
"./typography" is 
not exported under 
the condition 
"style" from package 
D:\myjobguide\node_mo
dules\tailwindcss 
(see exports field 
in D:\myjobguide\node
_modules\tailwindcss\
package.json)
    [2m[at D:\myjobg
uide\node_modules\enh
anced-resolve\lib\Exp
ortsFieldPlugin.js:12
3:7][0m
    [2m[at 
Hook.eval [as 
callAsync] (eval at 
create (D:\myjobguide
\node_modules\tapable
\lib\HookCodeFactory.
js:31:10), <anonymous
>:22:1)][0m
    [2m[at 
Resolver.doResolve (D
:\myjobguide\node_mod
ules\enhanced-resolve
\lib\Resolver.js:715:
16)][0m
    [2m[at D:\myjobg
uide\node_modules\enh
anced-resolve\lib\Des
criptionFilePlugin.js
:80:17][0m
    [2m[at D:\myjobg
uide\node_modules\enh
anced-resolve\lib\Des
criptionFileUtils.js:
161:24][0m
    [2m[at D:\myjobg
uide\node_modules\enh
anced-resolve\lib\for
EachBail.js:39:13][0
m
    [2m[at onJson (D
:\myjobguide\node_mod
ules\enhanced-resolve
\lib\DescriptionFileU
tils.js:96:6)][0m
    [2m[at D:\myjobg
uide\node_modules\enh
anced-resolve\lib\Des
criptionFileUtils.js:
123:7][0m
    [2m[at SyncAsync
FileSystemDecorator.r
eadJson (D:\myjobguid
e\node_modules\enhanc
ed-resolve\lib\SyncAs
yncFileSystemDecorato
r.js:204:6)][0m
    [2m[at D:\myjobg
uide\node_modules\enh
anced-resolve\lib\Des
criptionFileUtils.js:
104:26][0m

> Build error 
occurred
Error: Turbopack 
build failed with 1 
errors:
./src/app/globals.css
Error evaluating 
Node.js code
CssSyntaxError: 
tailwindcss: D:\myjob
guide\src\app\globals
.css:1:1: 
"./typography" is 
not exported under 
the condition 
"style" from package 
D:\myjobguide\node_mo
dules\tailwindcss 
(see exports field 
in D:\myjobguide\node
_modules\tailwindcss\
package.json)
    at Input.error (n
ode_modules/postcss/l
ib/input.js:135:16) [
D:\myjobguide\.next\b
uild\chunks\node_modu
les_fe693df6._.js:465
1:22]
    at Root.error (no
de_modules/postcss/li
b/node.js:146:32) [D:
\myjobguide\.next\bui
ld\chunks\node_module
s_fe693df6._.js:928:3
8]
    [at Object.Once (
D:\myjobguide\node_mo
dules\@tailwindcss\po
stcss\dist\index.js:1
0:6911)]
    [at process.proce
ssTicksAndRejections 
(node:internal/proces
s/task_queues:105:5)]
    at async 
LazyResult.runAsync (
node_modules/postcss/
lib/lazy-result.js:29
3:11) [D:\myjobguide\
.next\build\chunks\no
de_modules_fe693df6._
.js:6206:21]
    at async 
transform (turbopack:
///[turbopack-node]/t
ransforms/postcss.ts:
70:34) [D:\myjobguide
\.next\build\chunks\[
root-of-the-server]__
51225daf._.js:146:36]
    at async run (tur
bopack:///[turbopack-
node]/ipc/evaluate.ts
:92:23) [D:\myjobguid
e\.next\build\chunks\
[root-of-the-server]_
_974941ed._.js:443:31
]

Import trace:
  Client Component 
Browser:
    ./src/app/globals
.css [Client 
Component Browser]
    
./src/app/layout.tsx 
[Server Component]


    at async 
transform (turbopack:
///[turbopack-node]/t
ransforms/postcss.ts:
70:34) [D:\myjobguide
\.next\build\chunks\[
root-of-the-server]__
51225daf._.js:146:36]
)
    at async run (tur
bopack:///[turbopack-
node]/ipc/evaluate.ts
:92:23) [D:\myjobguid
e\.next\build\chunks\
[root-of-the-server]_
_974941ed._.js:443:31
])
